------------------------------------------------------------
TimeQuest Timing Analyzer Summary
------------------------------------------------------------

Type  : Slow 1200mV 85C Model Setup 'KEY[0]'
Slack : -13.887
TNS   : -707.195

Type  : Slow 1200mV 85C Model Setup 'vga_controller:vgasync_instance|vs'
Slack : -9.622
TNS   : -1046.214

Type  : Slow 1200mV 85C Model Setup 'CLOCK_50'
Slack : -3.836
TNS   : -66.460

Type  : Slow 1200mV 85C Model Setup 'vga_controller:vgasync_instance|clkdiv'
Slack : -3.721
TNS   : -155.583

Type  : Slow 1200mV 85C Model Hold 'KEY[0]'
Slack : 0.132
TNS   : 0.000

Type  : Slow 1200mV 85C Model Hold 'vga_controller:vgasync_instance|clkdiv'
Slack : 0.266
TNS   : 0.000

Type  : Slow 1200mV 85C Model Hold 'vga_controller:vgasync_instance|vs'
Slack : 0.402
TNS   : 0.000

Type  : Slow 1200mV 85C Model Hold 'CLOCK_50'
Slack : 0.476
TNS   : 0.000

Type  : Slow 1200mV 85C Model Recovery 'vga_controller:vgasync_instance|clkdiv'
Slack : -4.580
TNS   : -102.685

Type  : Slow 1200mV 85C Model Recovery 'vga_controller:vgasync_instance|vs'
Slack : -2.359
TNS   : -246.594

Type  : Slow 1200mV 85C Model Recovery 'CLOCK_50'
Slack : -0.974
TNS   : -0.974

Type  : Slow 1200mV 85C Model Removal 'CLOCK_50'
Slack : 0.783
TNS   : 0.000

Type  : Slow 1200mV 85C Model Removal 'vga_controller:vgasync_instance|vs'
Slack : 0.852
TNS   : 0.000

Type  : Slow 1200mV 85C Model Removal 'vga_controller:vgasync_instance|clkdiv'
Slack : 0.982
TNS   : 0.000

Type  : Slow 1200mV 85C Model Minimum Pulse Width 'KEY[0]'
Slack : -4.764
TNS   : -4592.115

Type  : Slow 1200mV 85C Model Minimum Pulse Width 'CLOCK_50'
Slack : -3.000
TNS   : -40.265

Type  : Slow 1200mV 85C Model Minimum Pulse Width 'vga_controller:vgasync_instance|vs'
Slack : -1.285
TNS   : -204.315

Type  : Slow 1200mV 85C Model Minimum Pulse Width 'vga_controller:vgasync_instance|clkdiv'
Slack : -1.285
TNS   : -66.820

Type  : Slow 1200mV 0C Model Setup 'KEY[0]'
Slack : -12.943
TNS   : -654.266

Type  : Slow 1200mV 0C Model Setup 'vga_controller:vgasync_instance|vs'
Slack : -8.641
TNS   : -939.100

Type  : Slow 1200mV 0C Model Setup 'CLOCK_50'
Slack : -3.400
TNS   : -58.768

Type  : Slow 1200mV 0C Model Setup 'vga_controller:vgasync_instance|clkdiv'
Slack : -3.338
TNS   : -139.159

Type  : Slow 1200mV 0C Model Hold 'KEY[0]'
Slack : 0.045
TNS   : 0.000

Type  : Slow 1200mV 0C Model Hold 'vga_controller:vgasync_instance|clkdiv'
Slack : 0.202
TNS   : 0.000

Type  : Slow 1200mV 0C Model Hold 'vga_controller:vgasync_instance|vs'
Slack : 0.353
TNS   : 0.000

Type  : Slow 1200mV 0C Model Hold 'CLOCK_50'
Slack : 0.456
TNS   : 0.000

Type  : Slow 1200mV 0C Model Recovery 'vga_controller:vgasync_instance|clkdiv'
Slack : -4.013
TNS   : -88.480

Type  : Slow 1200mV 0C Model Recovery 'vga_controller:vgasync_instance|vs'
Slack : -2.091
TNS   : -208.952

Type  : Slow 1200mV 0C Model Recovery 'CLOCK_50'
Slack : -0.824
TNS   : -0.824

Type  : Slow 1200mV 0C Model Removal 'vga_controller:vgasync_instance|vs'
Slack : 0.805
TNS   : 0.000

Type  : Slow 1200mV 0C Model Removal 'CLOCK_50'
Slack : 0.817
TNS   : 0.000

Type  : Slow 1200mV 0C Model Removal 'vga_controller:vgasync_instance|clkdiv'
Slack : 1.030
TNS   : 0.000

Type  : Slow 1200mV 0C Model Minimum Pulse Width 'KEY[0]'
Slack : -4.258
TNS   : -4074.043

Type  : Slow 1200mV 0C Model Minimum Pulse Width 'CLOCK_50'
Slack : -3.000
TNS   : -40.265

Type  : Slow 1200mV 0C Model Minimum Pulse Width 'vga_controller:vgasync_instance|vs'
Slack : -1.285
TNS   : -204.315

Type  : Slow 1200mV 0C Model Minimum Pulse Width 'vga_controller:vgasync_instance|clkdiv'
Slack : -1.285
TNS   : -66.820

Type  : Fast 1200mV 0C Model Setup 'KEY[0]'
Slack : -7.472
TNS   : -384.027

Type  : Fast 1200mV 0C Model Setup 'vga_controller:vgasync_instance|vs'
Slack : -4.957
TNS   : -488.132

Type  : Fast 1200mV 0C Model Setup 'vga_controller:vgasync_instance|clkdiv'
Slack : -1.389
TNS   : -52.218

Type  : Fast 1200mV 0C Model Setup 'CLOCK_50'
Slack : -1.362
TNS   : -23.318

Type  : Fast 1200mV 0C Model Hold 'vga_controller:vgasync_instance|clkdiv'
Slack : -0.131
TNS   : -0.131

Type  : Fast 1200mV 0C Model Hold 'KEY[0]'
Slack : -0.127
TNS   : -0.194

Type  : Fast 1200mV 0C Model Hold 'CLOCK_50'
Slack : 0.142
TNS   : 0.000

Type  : Fast 1200mV 0C Model Hold 'vga_controller:vgasync_instance|vs'
Slack : 0.180
TNS   : 0.000

Type  : Fast 1200mV 0C Model Recovery 'vga_controller:vgasync_instance|clkdiv'
Slack : -2.733
TNS   : -65.136

Type  : Fast 1200mV 0C Model Recovery 'vga_controller:vgasync_instance|vs'
Slack : -1.422
TNS   : -163.197

Type  : Fast 1200mV 0C Model Recovery 'CLOCK_50'
Slack : -0.627
TNS   : -0.627

Type  : Fast 1200mV 0C Model Removal 'CLOCK_50'
Slack : 0.214
TNS   : 0.000

Type  : Fast 1200mV 0C Model Removal 'vga_controller:vgasync_instance|clkdiv'
Slack : 0.383
TNS   : 0.000

Type  : Fast 1200mV 0C Model Removal 'vga_controller:vgasync_instance|vs'
Slack : 0.396
TNS   : 0.000

Type  : Fast 1200mV 0C Model Minimum Pulse Width 'KEY[0]'
Slack : -3.000
TNS   : -1865.264

Type  : Fast 1200mV 0C Model Minimum Pulse Width 'CLOCK_50'
Slack : -3.000
TNS   : -33.788

Type  : Fast 1200mV 0C Model Minimum Pulse Width 'vga_controller:vgasync_instance|vs'
Slack : -1.000
TNS   : -159.000

Type  : Fast 1200mV 0C Model Minimum Pulse Width 'vga_controller:vgasync_instance|clkdiv'
Slack : -1.000
TNS   : -52.000

------------------------------------------------------------
